[fiisha.com/index.html]
[backblue.gif]
[fade.gif]
[index.html]
[fiisha.com/images/media/2020/03/FuDHg25712.png]
[fiisha.com/web/js/app.js]
[fiisha.com/onesignal/manifest.json]
[fiisha.com/shop.html]
[fiisha.com/images/media/2020/05/5rk2428804.png]
[cdn.onesignal.com/sdks/OneSignalSDK.js]
[fiisha.com/news.html]
[fiisha.com/page1d48.html]
[fiisha.com/page7cf1.html]
[fiisha.com/contact.html]
[fiisha.com/login.html]
[fiisha.com/wishlist]
[fiisha.com/shopd1ad.html]
[fiisha.com/images/media/2020/05/6bIpp09203.png]
[fiisha.com/images/media/2020/05/eQM3209504.jpg]
[fiisha.com/images/media/2020/05/ab5Rv09104.jpg]
[fiisha.com/images/media/2020/05/sCWqL09104.jpg]
[fiisha.com/images/media/2020/05/RTjBK10405.png]
[fiisha.com/images/media/2020/05/pM6Km10505.png]
[fiisha.com/images/media/2020/05/PEN2k10105.png]
[fiisha.com/images/media/2020/05/3jDHQ10705.png]
[fiisha.com/product-detail/1-3.html]
[fiisha.com/images/media/2020/05/medium15891638264Nxc111602.jpg]
[fiisha.com/images/media/2020/05/medium1589163832qbi0a11502.jpg]
[fiisha.com/product-detail/lowinstock.html]
[fiisha.com/product-detail/2400-20.html]
[fiisha.com/images/media/2020/05/medium1589174511MAzbU11805.jpg]
[fiisha.com/images/media/2020/05/medium1588991577lsEoe09402.jpg]
[fiisha.com/product-detail/tv.html]
[fiisha.com/product-detail/43-43.html]
[fiisha.com/images/media/2020/05/medium1588993405kte6J09103.jpg]
[fiisha.com/product-detail/65.html]
[fiisha.com/images/media/2020/05/medium1588994462Ok7kM09303.jpg]
[fiisha.com/images/media/2020/05/medium1589174525LF2WN11605.jpg]
[fiisha.com/images/media/2020/05/medium1589163825UM5CG11702.jpg]
[fiisha.com/product-detail/new-sample-product.html]
[fiisha.com/product-detail/6-3.html]
[fiisha.com/images/media/2020/05/medium1589163825o1ZIJ11602.jpg]
[fiisha.com/product-detail/4-3.html]
[fiisha.com/product-detail/5-4-5.html]
[fiisha.com/product-detail/4-5-1.html]
[fiisha.com/product-detail/10-3.html]
[fiisha.com/shop68c3.html]
[fiisha.com/product-detail/2400-21.html]
[fiisha.com/images/media/2020/05/medium1589174512HhqJW11305.jpg]
[fiisha.com/images/media/2020/05/medium15891745100Txvi11605.jpg]
[fiisha.com/product-detail/2400-18.html]
[fiisha.com/images/media/2020/05/medium1589174510olUZl11605.jpg]
[fiisha.com/product-detail/2400-17.html]
[fiisha.com/product-detail/2400-15.html]
[fiisha.com/images/media/2020/05/medium1589174509GxkfA11605.jpg]
[fiisha.com/product-detail/2400-14.html]
[fiisha.com/images/media/2020/05/medium1589174509R8XQp11705.jpg]
[fiisha.com/product-detail/2400-13.html]
[fiisha.com/images/media/2020/05/medium1589174508WlKUO11705.jpg]
[fiisha.com/images/media/2020/05/medium1589163830QLDzz11902.jpg]
[fiisha.com/product-detail/3-3.html]
[fiisha.com/product-detail/5-3.html]
[fiisha.com/product-detail/7-3.html]
[fiisha.com/images/media/2020/05/medium1589163828PKbCZ11402.jpg]
[fiisha.com/product-detail/9-3.html]
[fiisha.com/images/media/2020/05/medium1589163828rlQAJ11902.jpg]
[fiisha.com/shop72b6.html]
[fiisha.com/images/media/2020/05/medium1589174511VQ1YA11705.jpg]
[fiisha.com/product-detail/2400-19.html]
[fiisha.com/images/media/2020/05/medium1589163830lMd9d11502.jpg]
[fiisha.com/product-detail/2-3.html]
[fiisha.com/shop0c9e.html]
[fiisha.com/shopcb81.html]
[fiisha.com/images/media/2020/05/medium15889867294Z9XK09301.jpg]
[fiisha.com/shop7b04.html]
[fiisha.com/images/media/2020/05/medium15889881877UouP09801.jpg]
[fiisha.com/shop3171.html]
[fiisha.com/images/media/2020/05/medium158898993003rfE09402.jpg]
[fiisha.com/shopdd1d.html]
[fiisha.com/images/media/2020/05/medium15889903731OEEL09902.jpg]
[fiisha.com/shope7ab.html]
[fiisha.com/shop70ea.html]
[fiisha.com/images/media/2020/05/VCNgC09405.jpg]
[fiisha.com/images/media/2020/05/medium1589174509ZAJQ511905.jpg]
[fiisha.com/product-detail/2400-16.html]
[fiisha.com/news-detail/5-2020.html]
[fiisha.com/images/media/2020/05/Ok7kM09303.jpg]
[fiisha.com/news-detail/2.html]
[fiisha.com/images/media/2020/05/e12eD11712.jpg]
[fiisha.com/news-detail/1.html]
[fiisha.com/images/media/2020/05/ZJ6ti11712.jpg]
[fiisha.com/news-detail/7.html]
[fiisha.com/images/media/2020/05/bdX1211812.jpg]
[fiisha.com/news-detail/n-a.html]
[fiisha.com/images/media/2020/05/bceGC10810.jpg]
[fiisha.com/orders.5c.delayed]
[fiisha.com/viewcart.html]
[fiisha.com/wishlist]
[fiisha.com/page9fb1.html]
[fiisha.com/page3c49.html]
[fiisha.com/web/images/miscellaneous/payments.png]
[fiisha.com/wishlist]
[fiisha.com/images/media/2020/05/Hp1bG10505.png]
[cdnjs.cloudflare.com/ajax/libs/bootstrap-datepicker/1.3.0/css/datepicker.min.css]
[fiisha.com/web/index.html]
[cdnjs.cloudflare.com/ajax/libs/bootstrap-datepicker/1.3.0/js/bootstrap-datepicker.min.js]
[fiisha.com/web/js/scripts.js]
[fiisha.com/checkout.68.delayed]
[fiisha.com/shipping-address05d1]
[img1.wsimg.com/tcc/tcc_l.combined.1.0.6.min.js]
[fiisha.com/index.html]
[fiisha.com/images/fancybox_sprite4865.png]
[fiisha.com/images/fancybox_loadingf1aa.gif]
[fiisha.com/images/blank8804.gif]
[fiisha.com/images/fancybox_overlaye149.png]
[fiisha.com/images/fancybox_sprite@2xfd57.png]
[fiisha.com/images/fancybox_loading@2x9555.gif]
[fiisha.com/images/ajax-loader20ca.gif]
[fiisha.com/fonts/slickbb7d.eot]
[fiisha.com/fonts/slicka732.eot]
[fiisha.com/fonts/slick68b7.woff]
[fiisha.com/fonts/slickafcb.ttf]
[fiisha.com/fonts/Montserrat-Regulardc0c.eot]
[fiisha.com/fonts/Montserrat-Regular2afc.woff]
[fiisha.com/fonts/Montserrat-Regularbd31.ttf]
[fiisha.com/fonts/Montserrat-Bold9c4f.eot]
[fiisha.com/fonts/Montserrat-Boldc3db.woff]
[fiisha.com/fonts/Montserrat-Bold6bcc.ttf]
[fiisha.com/fonts/vendor/@fortawesome/fontawesome-free/webfa-brands-400e04f.eot]
[fiisha.com/fonts/vendor/@fortawesome/fontawesome-free/webfa-brands-400c818.woff2]
[fiisha.com/fonts/vendor/@fortawesome/fontawesome-free/webfa-brands-400da43.woff]
[fiisha.com/fonts/vendor/@fortawesome/fontawesome-free/webfa-brands-4007671.ttf]
[fiisha.com/fonts/vendor/@fortawesome/fontawesome-free/webfa-regular-400cca8.eot]
[fiisha.com/fonts/vendor/@fortawesome/fontawesome-free/webfa-regular-4004319.woff2]
[fiisha.com/fonts/vendor/@fortawesome/fontawesome-free/webfa-regular-400b0aa.woff]
[fiisha.com/fonts/vendor/@fortawesome/fontawesome-free/webfa-regular-400ec58.ttf]
[fiisha.com/fonts/vendor/@fortawesome/fontawesome-free/webfa-solid-90027c4.eot]
[fiisha.com/fonts/vendor/@fortawesome/fontawesome-free/webfa-solid-900b99c.woff2]
[fiisha.com/fonts/vendor/@fortawesome/fontawesome-free/webfa-solid-9003d30.woff]
[fiisha.com/fonts/vendor/@fortawesome/fontawesome-free/webfa-solid-9008790.ttf]
[fiisha.com/images/colors2256.png]
[fiisha.com/web/css/app.theme.1.css]
[fiisha.com/wishlist.90.delayed]
[fiisha.com/images/media/2020/05/p0YFb09501.png]
[fiisha.com/shop7a81.html]
[fiisha.com/images/media/2020/05/cMXM709301.png]
[fiisha.com/shop9297.html]
[fiisha.com/shopdb58.html]
[fiisha.com/shop3eca.html]
[fiisha.com/shopaa07.html]
[fiisha.com/shopa8ee.html]
[fiisha.com/images/media/2020/05/AKDdi09302.png]
[fiisha.com/images/media/2020/05/LV7Te09402.png]
[fiisha.com/images/media/2020/05/0fXAr09702.jpg]
[fiisha.com/images/media/2020/05/medium1589174508jkCCc11205.jpg]
[fiisha.com/product-detail/2400-12.html]
[fiisha.com/product-detail/2400-11.html]
[fiisha.com/images/media/2020/05/medium1589174522bb58U11405.jpg]
[fiisha.com/shipping-address05d1]
[fiisha.com/shop.html]
[fiisha.com/newsd1ad.html]
[fiisha.com/shipping-address05d1]
[fiisha.com/news.html]
[fiisha.com/shipping-address05d1]
[fiisha.com/page1d48.html]
[fiisha.com/shipping-address05d1]
[fiisha.com/page7cf1.html]
[fiisha.com/shipping-address05d1]
[fiisha.com/contact.html]
[fiisha.com/forgotPassword.html]
[fiisha.com/login/facebook.ca.delayed]
[fiisha.com/shipping-address05d1]
[fiisha.com/login.html]
[fiisha.com/shipping-address05d1]
[fiisha.com/shopd1ad.html]
[fiisha.com/images/media/2020/05/4Nxc111602.jpg]
[fiisha.com/images/media/2020/05/qbi0a11502.jpg]
[fiisha.com/images/media/2020/05/Hi79h11502.jpg]
[fiisha.com/images/media/2020/05/hwnI011802.jpg]
[fiisha.com/images/media/2020/05/8KiFb11502.jpg]
[fiisha.com/images/media/2020/05/thumbnail15891638264Nxc111602.jpg]
[fiisha.com/images/media/2020/05/thumbnail1589163832qbi0a11502.jpg]
[fiisha.com/images/media/2020/05/thumbnail1589163831Hi79h11502.jpg]
[fiisha.com/images/media/2020/05/medium1589163831Hi79h11502.jpg]
[fiisha.com/images/media/2020/05/thumbnail1589163831hwnI011802.jpg]
[fiisha.com/images/media/2020/05/medium1589163831hwnI011802.jpg]
[fiisha.com/images/media/2020/05/thumbnail15891638318KiFb11502.jpg]
[fiisha.com/images/media/2020/05/medium15891638318KiFb11502.jpg]
[fiisha.com/shop5724]
[static.addtoany.com/menu/page.js]
[fiisha.com/product-detail/8-3.html]
[fiisha.com/images/media/2020/05/medium1589163827KCPTF11102.jpg]
[fiisha.com/product-detail/11-3.html]
[fiisha.com/images/media/2020/05/medium1589163829QhA9A11602.jpg]
[fiisha.com/product-detail/12-3.html]
[fiisha.com/product-detail/4-4-5.html]
[fiisha.com/product-detail/shipping-address.f605d1.delayed]
[fiisha.com/product-detail/1-3.html]
[fiisha.com/shopbfb5]
[fiisha.com/product-detail/lowinstock.html]
[fiisha.com/images/media/2020/05/MAzbU11805.jpg]
[fiisha.com/images/media/2020/05/thumbnail1589174511MAzbU11805.jpg]
[fiisha.com/shopc505]
[fiisha.com/product-detail/2400-20.html]
[fiisha.com/images/media/2020/05/large1588991577lsEoe09402.jpg]
[fiisha.com/images/media/2020/05/thumbnail1588991577lsEoe09402.jpg]
[fiisha.com/shop.10c5a6a.delayed]
[fiisha.com/product-detail/tv.html]
[fiisha.com/images/media/2020/05/kte6J09103.jpg]
[fiisha.com/images/media/2020/05/4hcV709102.jpg]
[fiisha.com/images/media/2020/05/large15889915834hcV709102.jpg]
[fiisha.com/images/media/2020/05/hda1i09802.jpg]
[fiisha.com/images/media/2020/05/large1588991581hda1i09802.jpg]
[fiisha.com/images/media/2020/05/Ser7109102.jpg]
[fiisha.com/images/media/2020/05/large1588991579Ser7109102.jpg]
[fiisha.com/images/media/2020/05/thumbnail1588993405kte6J09103.jpg]
[fiisha.com/images/media/2020/05/thumbnail15889915834hcV709102.jpg]
[fiisha.com/images/media/2020/05/medium15889915834hcV709102.jpg]
[fiisha.com/images/media/2020/05/thumbnail1588991580hda1i09802.jpg]
[fiisha.com/images/media/2020/05/medium1588991581hda1i09802.jpg]
[fiisha.com/images/media/2020/05/thumbnail1588991579Ser7109102.jpg]
[fiisha.com/images/media/2020/05/medium1588991579Ser7109102.jpg]
[fiisha.com/product-detail/43-43.html]
[fiisha.com/images/media/2020/05/large1588994462Ok7kM09303.jpg]
[fiisha.com/images/media/2020/05/large1588994557bxhUd09403.jpg]
[fiisha.com/images/media/2020/05/bxhUd09403.jpg]
[fiisha.com/images/media/2020/05/12bGD09303.jpg]
[fiisha.com/images/media/2020/05/large158899455912bGD09303.jpg]
[fiisha.com/images/media/2020/05/Pt8DP09403.jpg]
[fiisha.com/images/media/2020/05/large1588994560Pt8DP09403.jpg]
[fiisha.com/images/media/2020/05/thumbnail1588994462Ok7kM09303.jpg]
[fiisha.com/images/media/2020/05/thumbnail1588994556bxhUd09403.jpg]
[fiisha.com/images/media/2020/05/medium1588994556bxhUd09403.jpg]
[fiisha.com/images/media/2020/05/thumbnail158899455912bGD09303.jpg]
[fiisha.com/images/media/2020/05/medium158899455912bGD09303.jpg]
[fiisha.com/images/media/2020/05/thumbnail1588994560Pt8DP09403.jpg]
[fiisha.com/images/media/2020/05/medium1588994560Pt8DP09403.jpg]
[fiisha.com/product-detail/65.html]
[fiisha.com/images/media/2020/05/LF2WN11605.jpg]
[fiisha.com/images/media/2020/05/thumbnail1589174525LF2WN11605.jpg]
[fiisha.com/product-detail/new-sample-product.html]
[fiisha.com/images/media/2020/05/UM5CG11702.jpg]
[fiisha.com/images/media/2020/05/thumbnail1589163825UM5CG11702.jpg]
[fiisha.com/product-detail/6-3.html]
[fiisha.com/product-detail/4-5-1.html]
[fiisha.com/images/media/2020/05/o1ZIJ11602.jpg]
[fiisha.com/images/media/2020/05/thumbnail1589163825o1ZIJ11602.jpg]
[fiisha.com/product-detail/4-3.html]
[fiisha.com/images/media/2020/05/rlQAJ11902.jpg]
[fiisha.com/images/media/2020/05/JVWEF11102.jpg]
[fiisha.com/images/media/2020/05/thumbnail1589163828rlQAJ11902.jpg]
[fiisha.com/images/media/2020/05/thumbnail1589163829JVWEF11102.jpg]
[fiisha.com/images/media/2020/05/medium1589163829JVWEF11102.jpg]
[fiisha.com/product-detail/5-4-5.html]
[fiisha.com/product-detail/10-3.html]
[fiisha.com/product-detail/4-5.html]
[fiisha.com/shipping-address05d1]
[fiisha.com/shop68c3.html]
[fiisha.com/images/media/2020/05/HhqJW11305.jpg]
[fiisha.com/images/media/2020/05/IMeUT11105.jpg]
[fiisha.com/images/media/2020/05/2IAmk11505.jpg]
[fiisha.com/images/media/2020/05/VQ1YA11705.jpg]
[fiisha.com/images/media/2020/05/thumbnail1589174512HhqJW11305.jpg]
[fiisha.com/images/media/2020/05/thumbnail1589174513IMeUT11105.jpg]
[fiisha.com/images/media/2020/05/medium1589174513IMeUT11105.jpg]
[fiisha.com/images/media/2020/05/thumbnail15891745172IAmk11505.jpg]
[fiisha.com/images/media/2020/05/medium15891745172IAmk11505.jpg]
[fiisha.com/images/media/2020/05/thumbnail1589174511VQ1YA11705.jpg]
[fiisha.com/product-detail/2400-21.html]
[fiisha.com/images/media/2020/05/0Txvi11605.jpg]
[fiisha.com/images/media/2020/05/bb58U11405.jpg]
[fiisha.com/images/media/2020/05/eY0eo11905.jpg]
[fiisha.com/images/media/2020/05/thumbnail15891745100Txvi11605.jpg]
[fiisha.com/images/media/2020/05/thumbnail1589174521bb58U11405.jpg]
[fiisha.com/images/media/2020/05/thumbnail1589174523eY0eo11905.jpg]
[fiisha.com/images/media/2020/05/medium1589174523eY0eo11905.jpg]
[fiisha.com/product-detail/2400-18.html]
[fiisha.com/images/media/2020/05/olUZl11605.jpg]
[fiisha.com/images/media/2020/05/thumbnail1589174510olUZl11605.jpg]
[fiisha.com/product-detail/2400-17.html]
[fiisha.com/images/media/2020/05/GxkfA11605.jpg]
[fiisha.com/images/media/2020/05/thumbnail1589174509GxkfA11605.jpg]
[fiisha.com/product-detail/2400-15.html]
[fiisha.com/images/media/2020/05/R8XQp11705.jpg]
[fiisha.com/images/media/2020/05/thumbnail1589174509R8XQp11705.jpg]
[fiisha.com/product-detail/2400-14.html]
[fiisha.com/images/media/2020/05/WlKUO11705.jpg]
[fiisha.com/images/media/2020/05/thumbnail1589174508WlKUO11705.jpg]
[fiisha.com/product-detail/2400-13.html]
[fiisha.com/images/media/2020/05/QLDzz11902.jpg]
[fiisha.com/images/media/2020/05/thumbnail1589163830QLDzz11902.jpg]
[fiisha.com/product-detail/3-3.html]
[fiisha.com/product-detail/5-3.html]
[fiisha.com/images/media/2020/05/PKbCZ11402.jpg]
[fiisha.com/images/media/2020/05/thumbnail1589163828PKbCZ11402.jpg]
[fiisha.com/product-detail/7-3.html]
[fiisha.com/product-detail/9-3.html]
[fiisha.com/shipping-address05d1]
[fiisha.com/shop72b6.html]
[fiisha.com/product-detail/2400-19.html]
[fiisha.com/images/media/2020/05/lMd9d11502.jpg]
[fiisha.com/images/media/2020/05/thumbnail1589163830lMd9d11502.jpg]
[fiisha.com/product-detail/2-3.html]
[fiisha.com/shipping-address05d1]
[fiisha.com/shop0c9e.html]
[fiisha.com/shipping-address05d1]
[fiisha.com/shopcb81.html]
[fiisha.com/shipping-address05d1]
[fiisha.com/shop7b04.html]
[fiisha.com/shipping-address05d1]
[fiisha.com/shop3171.html]
[fiisha.com/shipping-address05d1]
[fiisha.com/shopdd1d.html]
[fiisha.com/shipping-address05d1]
[fiisha.com/shope7ab.html]
[fiisha.com/shipping-address05d1]
[fiisha.com/shop70ea.html]
[fiisha.com/images/media/2020/05/ZAJQ511905.jpg]
[fiisha.com/images/media/2020/05/thumbnail1589174509ZAJQ511905.jpg]
[fiisha.com/product-detail/2400-16.html]
[btech.com/arblog/wp-content/uploads/2019/09/shutterstock_700370347-1.jpg]
[btech.com/arblog/wp-content/uploads/2019/09/1-5.jpg]
[btech.com/arblog/wp-content/uploads/2019/09/shutterstock_788076238-1.jpg]
[btech.com/arblog/wp-content/uploads/2019/09/shutterstock_768973567-1.jpg]
[btech.com/arblog/wp-content/uploads/2019/09/shutterstock_170790821-1.jpg]
[btech.com/arblog/wp-content/uploads/2019/09/2-7.jpg]
[btech.com/arblog/wp-content/uploads/2019/09/shutterstock_784675318-1.jpg]
[btech.com/arblog/wp-content/uploads/2019/09/shutterstock_589955915-1.jpg]
[btech.com/arblog/wp-content/uploads/2019/09/ViWpb.jpg]
[btech.com/arblog/wp-content/uploads/2019/09/3-6.jpg]
[btech.com/arblog/wp-content/uploads/2019/09/shutterstock_737088376-1.jpg]
[btech.com/arblog/wp-content/uploads/2019/09/shutterstock_367280348-1.jpg]
[btech.com/arblog/wp-content/uploads/2019/09/shutterstock_631879697-1.jpg]
[btech.com/arblog/wp-content/uploads/2019/09/4.jpg]
[btech.com/arblog/wp-content/uploads/2019/09/shutterstock_769102786-1-1.jpg]
[btech.com/arblog/wp-content/uploads/2019/09/shutterstock_750796270-1.jpg]
[btech.com/arblog/wp-content/uploads/2019/09/shutterstock_1185601111-1-1.jpg]
[btech.com/arblog/wp-content/uploads/2019/09/shutterstock_620164007-1.jpg]
[btech.com/arblog/wp-content/uploads/2019/09/5-2.jpg]
[btech.com/arblog/wp-content/uploads/2019/09/shutterstock_1304742541-1.jpg]
[btech.com/arblog/wp-content/uploads/2019/09/shutterstock_407651284-3.jpg]
[fiisha.com/news-detail/shipping-address.25305d1.delayed]
[fiisha.com/news-detail/5-2020.html]
[btech.com/arblog/wp-content/uploads/2020/01/5555-e1580304091713.jpg]
[fiisha.com/news-detail/2.html]
[btech.com/arblog/wp-content/uploads/2020/02/shutterstock_1483697273-1.jpg]
[btech.com/arblog/wp-content/uploads/2020/02/shutterstock_1619720692-1.jpg]
[btech.com/arblog/wp-content/uploads/2020/02/shutterstock_1447457612-1.jpg]
[btech.com/arblog/wp-content/uploads/2020/02/shutterstock_730584616-1.jpg]
[btech.com/arblog/wp-content/uploads/2020/02/shutterstock_238692823-1-1.jpg]
[btech.com/arblog/wp-content/uploads/2020/02/shutterstock_1314314816-1.jpg]
[fiisha.com/news-detail/1.html]
[btech.com/arblog/wp-content/uploads/2020/01/shutterstock_1085741699-1.jpg]
[btech.com/arblog/wp-content/uploads/2020/01/3333-1.jpg]
[btech.com/arblog/wp-content/uploads/2020/01/shutterstock_703179805-1.jpg]
[btech.com/arblog/wp-content/uploads/2020/01/shutterstock_1208917900-1.jpg]
[btech.com/arblog/wp-content/uploads/2020/01/shutterstock_365516942-1.jpg]
[btech.com/arblog/wp-content/uploads/2020/01/shutterstock_1610559877-1.jpg]
[btech.com/arblog/wp-content/uploads/2020/01/shutterstock_1540182527-1.jpg]
[btech.com/arblog/wp-content/uploads/2020/01/shutterstock_714355264-2.jpg]
[fiisha.com/news-detail/7.html]
[fiisha.com/images/media/2020/05/Zu8jH10310.jpg]
[fiisha.com/images/media/2020/05/3e4rS10910.jpg]
[fiisha.com/images/media/2020/05/zGBQ310210.jpg]
[fiisha.com/images/media/2020/05/BT3UY10110.jpg]
[fiisha.com/images/media/2020/05/aAIsN10810.jpg]
[fiisha.com/news-detail/n-a.html]
[fiisha.com/shipping-address.28c05d1.delayed]
[fiisha.com/viewcart.html]
[fiisha.com/page9fb1.html]
[fiisha.com/page3c49.html]
[fiisha.com/web/index.html]
[cdnjs.cloudflare.com/ajax/libs/bootstrap-datepicker/1.3.0/css/datepicker.min.css]
[img1.wsimg.com/tcc/tcc_l.combined.1.0.6.min.js]
[fiisha.com/fonts/slicked10.svg]
[fiisha.com/fonts/uni0335.29d.delayed]
[fiisha.com/fonts/Montserrat-Regularddab.svg]
[fiisha.com/fonts/Montserrat-Boldbe25.svg]
[fiisha.com/fonts/vendor/@fortawesome/fontawesome-free/webfa-brands-4002e48.svg]
[fiisha.com/fonts/vendor/@fortawesome/fontawesome-free/webfa-regular-4005b31.svg]
[fiisha.com/fonts/vendor/@fortawesome/fontawesome-free/webfa-solid-900a47a.svg]
[fiisha.com/shop7a81.html]
[fiisha.com/shop9297.html]
[fiisha.com/shopdb58.html]
[fiisha.com/shop3eca.html]
[fiisha.com/shopaa07.html]
[fiisha.com/shopa8ee.html]
[fiisha.com/images/media/2020/05/jkCCc11205.jpg]
[fiisha.com/images/media/2020/05/T8bwf11605.jpg]
[fiisha.com/images/media/2020/05/thumbnail1589174508jkCCc11205.jpg]
[fiisha.com/images/media/2020/05/thumbnail1589174520T8bwf11605.jpg]
[fiisha.com/images/media/2020/05/medium1589174520T8bwf11605.jpg]
[fiisha.com/product-detail/2400-12.html]
[fiisha.com/product-detail/2400-11.html]
[fiisha.com/newsd1ad.html]
[fiisha.com/login/google]
[fiisha.com/forgotPassword.html]
[fiisha.com/product-detail/8-3.html]
[fiisha.com/images/media/2020/05/KCPTF11102.jpg]
[fiisha.com/shop5724.html]
[fiisha.com/images/media/2020/05/thumbnail1589163827KCPTF11102.jpg]
[fiisha.com/product-detail/11-3.html]
[fiisha.com/images/media/2020/05/QhA9A11602.jpg]
[fiisha.com/images/media/2020/05/30NtP11402.jpg]
[fiisha.com/images/media/2020/05/thumbnail1589163829QhA9A11602.jpg]
[fiisha.com/images/media/2020/05/thumbnail158916382730NtP11402.jpg]
[fiisha.com/images/media/2020/05/medium158916382730NtP11402.jpg]
[fiisha.com/product-detail/12-3.html]
[fiisha.com/product-detail/4-4-5.html]
[fiisha.com/product-detail/web]
[fiisha.com/product-detail/web/index.html]
[fiisha.com/product-detail/4-5.html]
[fiisha.com/shopbfb5.html]
[fiisha.com/shopc505.html]
[fiisha.com/news-detail/web.31e.delayed]
[fiisha.com/news-detail/web/index.html]
[fiisha.com/fonts/uni0335.html]
[fiisha.com/product-detail/web.html]
[fiisha.com/shop5724.html]
[fiisha.com/shopbfb5.html]
[fiisha.com/shopc505.html]
[fiisha.com/shop5724.html]
[fiisha.com/product-detail/shipping-address05d1.html]
[fiisha.com/shopbfb5.html]
[fiisha.com/shopc505.html]
[fiisha.com/shop5a6a.html]
[fiisha.com/news-detail/shipping-address05d1.html]
[fiisha.com/news-detail/web.html]
